// Jest Snapshot v1, https://goo.gl/fbAQLP

exports[`App component renders App 1`] = `
<Fragment>
  <Memo(GlobalStyleComponent) />
  <styled.main>
    <Header />
    <BarApp />
    <Footer />
  </styled.main>
</Fragment>
`;
